
> college-discovery-platform@1.0.0 build
> next build

  Γû▓ Next.js 14.2.0
  - Environments: .env.local

   Creating an optimized production build ...
 Γ£ô Compiled successfully
   Linting and checking validity of types ...
   Collecting page data ...
node.exe : 
At line:1 char:1
+ & "C:\Program Files\nodejs/node.exe" "C:\Users\HP\AppData\Roaming\npm ...
+ ~~~~~~~~~~~~~~~~~~~~~~~~~~~~~~~~~~~~~~~~~~~~~~~~~~~~~~~~~~~~~~~~~~~~~
    + CategoryInfo          : NotSpecified: (:String) [], RemoteException
    + FullyQualifiedErrorId : NativeCommandError
 
> Build error occurred
Error: ENOENT: no such file or directory, open 
'E:\Projects\trackb\.next\server\pages-manifest.json'
    at async open (node:internal/fs/promises:642:25)
    at async Object.readFile (node:internal/fs/promises:1279:14)
    at async readManifest (E:\Projects\trackb\node_modules\next\dist\build\index.js:164:23)
    at async E:\Projects\trackb\node_modules\next\dist\build\index.js:1040:35
    at async Span.traceAsyncFn (E:\Projects\trackb\node_modules\next\dist\trace\trace.js:154:20)
    at async build (E:\Projects\trackb\node_modules\next\dist\build\index.js:366:9) {
  errno: -4058,
  code: 'ENOENT',
  syscall: 'open',
  path: 'E:\\Projects\\trackb\\.next\\server\\pages-manifest.json'
}
